trellis deny [primary-write] the write lands in the main checkout the write lands in the main checkout the write lands in the main checkout the write lands in the main checkout… (detail detail detail detail detail detail detail detail detail detail detail detail detail detail detail detail detail detail detail detail detail d…) · do: EnterWorktree name=fix-parse · override: trellis allow primary-write --once · wrong? trellis feedback d-7f3a · cut: detail, cause